[16-Jun-2025 12:06:39 UTC] PHP Fatal error:  Uncaught mysqli_sql_exception: Unknown column 'amount' in 'SELECT' in /home/mwzubfuj/public_html/app/fetch_purchase_expense_data.php:58
Stack trace:
#0 /home/mwzubfuj/public_html/app/fetch_purchase_expense_data.php(58): mysqli->prepare()
#1 {main}
  thrown in /home/mwzubfuj/public_html/app/fetch_purchase_expense_data.php on line 58
